

================================================================
== Vivado HLS Report for 'compute'
================================================================
* Date:           Thu May 25 12:09:17 2023

* Version:        2017.4 (Build 2086221 on Fri Dec 15 21:13:33 MST 2017)
* Project:        SOC_convolution_c++
* Solution:       solution1
* Product family: virtex7
* Target device:  xc7vx690tffg1761-2


================================================================
== Performance Estimates
================================================================
+ Timing (ns): 
    * Summary: 
    +--------+-------+----------+------------+
    |  Clock | Target| Estimated| Uncertainty|
    +--------+-------+----------+------------+
    |ap_clk  |  10.00|      9.12|        1.25|
    +--------+-------+----------+------------+

+ Latency (clock cycles): 
    * Summary: 
    +------+------+------+------+---------+
    |   Latency   |   Interval  | Pipeline|
    |  min |  max |  min |  max |   Type  |
    +------+------+------+------+---------+
    |  6292|  6292|  6292|  6292|   none  |
    +------+------+------+------+---------+

    + Detail: 
        * Instance: 
        N/A

        * Loop: 
        +-------------+------+------+----------+-----------+-----------+------+----------+
        |             |   Latency   | Iteration|  Initiation Interval  | Trip |          |
        |  Loop Name  |  min |  max |  Latency |  achieved |   target  | Count| Pipelined|
        +-------------+------+------+----------+-----------+-----------+------+----------+
        |- Loop 1     |  3948|  3948|       282|          -|          -|    14|    no    |
        | + Loop 1.1  |   280|   280|        20|          -|          -|    14|    no    |
        |- Loop 2     |   420|   420|        30|          -|          -|    14|    no    |
        | + Loop 2.1  |    28|    28|         2|          -|          -|    14|    no    |
        |- Loop 3     |   392|   392|         2|          -|          -|   196|    no    |
        |- Loop 4     |   420|   420|        30|          -|          -|    14|    no    |
        | + Loop 4.1  |    28|    28|         2|          -|          -|    14|    no    |
        |- Loop 5     |   994|   994|       142|          -|          -|     7|    no    |
        | + Loop 5.1  |   140|   140|        20|          -|          -|     7|    no    |
        |- Loop 6     |   112|   112|        16|          -|          -|     7|    no    |
        | + Loop 6.1  |    14|    14|         2|          -|          -|     7|    no    |
        +-------------+------+------+----------+-----------+-----------+------+----------+



================================================================
== Utilization Estimates
================================================================
* Summary: 
+-----------------+---------+-------+--------+--------+
|       Name      | BRAM_18K| DSP48E|   FF   |   LUT  |
+-----------------+---------+-------+--------+--------+
|DSP              |        -|      -|       -|       -|
|Expression       |        -|      -|       0|     708|
|FIFO             |        -|      -|       -|       -|
|Instance         |        -|     25|    1028|    1168|
|Memory           |       14|      -|       0|       0|
|Multiplexer      |        -|      -|       -|     632|
|Register         |        -|      -|     975|       -|
+-----------------+---------+-------+--------+--------+
|Total            |       14|     25|    2003|    2508|
+-----------------+---------+-------+--------+--------+
|Available        |     2940|   3600|  866400|  433200|
+-----------------+---------+-------+--------+--------+
|Utilization (%)  |    ~0   |   ~0  |   ~0   |   ~0   |
+-----------------+---------+-------+--------+--------+

+ Detail: 
    * Instance: 
    +-------------------------+----------------------+---------+-------+-----+-----+
    |         Instance        |        Module        | BRAM_18K| DSP48E|  FF | LUT |
    +-------------------------+----------------------+---------+-------+-----+-----+
    |compute_dadd_64nscud_U1  |compute_dadd_64nscud  |        0|      3|  430|  762|
    |compute_dmul_64nsdEe_U2  |compute_dmul_64nsdEe  |        0|     11|  299|  203|
    |compute_dmul_64nsdEe_U3  |compute_dmul_64nsdEe  |        0|     11|  299|  203|
    +-------------------------+----------------------+---------+-------+-----+-----+
    |Total                    |                      |        0|     25| 1028| 1168|
    +-------------------------+----------------------+---------+-------+-----+-----+

    * DSP48: 
    N/A

    * Memory: 
    +----------------+----------------------+---------+---+----+------+-----+------+-------------+
    |     Memory     |        Module        | BRAM_18K| FF| LUT| Words| Bits| Banks| W*Bits*Banks|
    +----------------+----------------------+---------+---+----+------+-----+------+-------------+
    |fifo_in_temp_U  |compute_fifo_in_tbkb  |        2|  0|   0|   196|   64|     1|        12544|
    |in_conv2_U      |compute_in_conv2      |        4|  0|   0|   196|   64|     1|        12544|
    |out_data_U      |compute_out_data      |        2|  0|   0|    49|   64|     1|         3136|
    |out_data_1_U    |compute_out_data_1    |        2|  0|   0|   196|   64|     1|        12544|
    |fifo_out_U      |compute_out_data_1    |        2|  0|   0|   196|   64|     1|        12544|
    |out_data_2_U    |compute_out_data_2    |        2|  0|   0|    49|   64|     1|         3136|
    +----------------+----------------------+---------+---+----+------+-----+------+-------------+
    |Total           |                      |       14|  0|   0|   882|  384|     6|        56448|
    +----------------+----------------------+---------+---+----+------+-----+------+-------------+

    * FIFO: 
    N/A

    * Expression: 
    +-----------------------------+----------+-------+---+----+------------+------------+
    |        Variable Name        | Operation| DSP48E| FF| LUT| Bitwidth P0| Bitwidth P1|
    +-----------------------------+----------+-------+---+----+------------+------------+
    |counter_buffer1_2_fu_697_p2  |     +    |      0|  0|  15|           8|           4|
    |counter_buffer2_2_fu_799_p2  |     +    |      0|  0|  15|           8|           4|
    |i_1_fu_498_p2                |     +    |      0|  0|  13|           4|           1|
    |i_2_fu_776_p2                |     +    |      0|  0|  15|           8|           1|
    |i_3_fu_691_p2                |     +    |      0|  0|  13|           4|           1|
    |i_4_fu_793_p2                |     +    |      0|  0|  13|           4|           1|
    |i_5_fu_1070_p2               |     +    |      0|  0|  12|           3|           1|
    |i_6_fu_877_p2                |     +    |      0|  0|  12|           3|           1|
    |j_1_fu_606_p2                |     +    |      0|  0|  13|           4|           1|
    |j_2_fu_739_p2                |     +    |      0|  0|  13|           4|           1|
    |j_3_fu_841_p2                |     +    |      0|  0|  13|           4|           1|
    |j_4_fu_985_p2                |     +    |      0|  0|  12|           3|           1|
    |j_5_fu_1104_p2               |     +    |      0|  0|  12|           3|           1|
    |tmp_14_fu_624_p2             |     +    |      0|  0|  18|          11|          11|
    |tmp_15_fu_634_p2             |     +    |      0|  0|  18|          11|          11|
    |tmp_16_fu_649_p2             |     +    |      0|  0|  18|          11|          11|
    |tmp_17_fu_659_p2             |     +    |      0|  0|  18|          11|          11|
    |tmp_18_fu_668_p2             |     +    |      0|  0|  16|           9|           9|
    |tmp_19_fu_749_p2             |     +    |      0|  0|  16|           9|           9|
    |tmp_2_fu_759_p2              |     +    |      0|  0|  15|           8|           1|
    |tmp_31_fu_862_p2             |     +    |      0|  0|  16|           9|           9|
    |tmp_34_fu_1003_p2            |     +    |      0|  0|  16|           9|           9|
    |tmp_35_fu_1013_p2            |     +    |      0|  0|  16|           9|           9|
    |tmp_36_fu_1028_p2            |     +    |      0|  0|  16|           9|           9|
    |tmp_37_fu_1038_p2            |     +    |      0|  0|  16|           9|           9|
    |tmp_38_fu_1047_p2            |     +    |      0|  0|  15|           7|           7|
    |tmp_39_fu_1114_p2            |     +    |      0|  0|  15|           7|           7|
    |tmp_4_fu_847_p2              |     +    |      0|  0|  15|           8|           1|
    |tmp_10_fu_594_p2             |     -    |      0|  0|  16|           9|           9|
    |tmp_13_fu_727_p2             |     -    |      0|  0|  16|           9|           9|
    |tmp_22_fu_829_p2             |     -    |      0|  0|  16|           9|           9|
    |tmp_25_fu_915_p2             |     -    |      0|  0|  16|           9|           9|
    |tmp_28_fu_951_p2             |     -    |      0|  0|  16|           9|           9|
    |tmp_30_fu_973_p2             |     -    |      0|  0|  15|           7|           7|
    |tmp_33_fu_1092_p2            |     -    |      0|  0|  15|           7|           7|
    |tmp_7_fu_572_p2              |     -    |      0|  0|  18|          11|          11|
    |tmp_s_fu_536_p2              |     -    |      0|  0|  18|          11|          11|
    |exitcond1_fu_1064_p2         |   icmp   |      0|  0|   9|           3|           2|
    |exitcond1_i5_fu_871_p2       |   icmp   |      0|  0|   9|           3|           2|
    |exitcond1_i_fu_492_p2        |   icmp   |      0|  0|   9|           4|           3|
    |exitcond2_fu_835_p2          |   icmp   |      0|  0|   9|           4|           3|
    |exitcond3_fu_787_p2          |   icmp   |      0|  0|   9|           4|           3|
    |exitcond4_fu_733_p2          |   icmp   |      0|  0|   9|           4|           3|
    |exitcond5_fu_685_p2          |   icmp   |      0|  0|   9|           4|           3|
    |exitcond_fu_1098_p2          |   icmp   |      0|  0|   9|           3|           2|
    |exitcond_i2_fu_770_p2        |   icmp   |      0|  0|  11|           8|           7|
    |exitcond_i9_fu_979_p2        |   icmp   |      0|  0|   9|           3|           2|
    |exitcond_i_fu_600_p2         |   icmp   |      0|  0|   9|           4|           3|
    |tmp_16_i_fu_542_p2           |    or    |      0|  0|  12|           5|           1|
    |tmp_22_i_fu_639_p2           |    or    |      0|  0|  12|           5|           1|
    |tmp_2_i_fu_921_p2            |    or    |      0|  0|  11|           4|           1|
    |tmp_9_i_fu_1018_p2           |    or    |      0|  0|  11|           4|           1|
    +-----------------------------+----------+-------+---+----+------------+------------+
    |Total                        |          |      0|  0| 708|         340|         260|
    +-----------------------------+----------+-------+---+----+------------+------------+

    * Multiplexer: 
    +---------------------------+-----+-----------+-----+-----------+
    |            Name           | LUT | Input Size| Bits| Total Bits|
    +---------------------------+-----+-----------+-----+-----------+
    |ap_NS_fsm                  |  237|         55|    1|         55|
    |counter_buffer1_1_reg_333  |    9|          2|    8|         16|
    |counter_buffer1_reg_310    |    9|          2|    8|         16|
    |counter_buffer2_1_reg_389  |    9|          2|    8|         16|
    |counter_buffer2_reg_366    |    9|          2|    8|         16|
    |fifo_in_temp_address0      |   15|          3|    8|         24|
    |fifo_out_address0          |   15|          3|    8|         24|
    |grp_fu_443_p0              |   15|          3|   64|        192|
    |grp_fu_443_p1              |   15|          3|   64|        192|
    |grp_fu_447_p0              |   27|          5|   64|        320|
    |grp_fu_447_p1              |   38|          7|   64|        448|
    |grp_fu_452_p0              |   15|          3|   64|        192|
    |grp_fu_452_p1              |   15|          3|   64|        192|
    |i1_reg_355                 |    9|          2|    4|          8|
    |i3_reg_421                 |    9|          2|    3|          6|
    |i_i1_reg_344               |    9|          2|    8|         16|
    |i_i4_reg_399               |    9|          2|    3|          6|
    |i_i_reg_277                |    9|          2|    4|          8|
    |i_reg_299                  |    9|          2|    4|          8|
    |in_conv2_address0          |   21|          4|    8|         32|
    |in_conv2_address1          |   15|          3|    8|         24|
    |ip_address0                |   15|          3|   10|         30|
    |ip_address1                |   15|          3|   10|         30|
    |j2_reg_378                 |    9|          2|    4|          8|
    |j4_reg_432                 |    9|          2|    3|          6|
    |j_i8_reg_410               |    9|          2|    3|          6|
    |j_i_reg_288                |    9|          2|    4|          8|
    |j_reg_322                  |    9|          2|    4|          8|
    |out_data_1_address0        |   15|          3|    8|         24|
    |out_data_2_address0        |   15|          3|    6|         18|
    |reg_463                    |    9|          2|   64|        128|
    +---------------------------+-----+-----------+-----+-----------+
    |Total                      |  632|        136|  591|       2077|
    +---------------------------+-----+-----------+-----+-----------+

    * Register: 
    +----------------------------+----+----+-----+-----------+
    |            Name            | FF | LUT| Bits| Const Bits|
    +----------------------------+----+----+-----+-----------+
    |ap_CS_fsm                   |  54|   0|   54|          0|
    |counter_buffer1_1_reg_333   |   8|   0|    8|          0|
    |counter_buffer1_2_reg_1210  |   8|   0|    8|          0|
    |counter_buffer1_reg_310     |   8|   0|    8|          0|
    |counter_buffer2_1_reg_389   |   8|   0|    8|          0|
    |counter_buffer2_2_reg_1264  |   8|   0|    8|          0|
    |counter_buffer2_reg_366     |   8|   0|    8|          0|
    |i1_reg_355                  |   4|   0|    4|          0|
    |i3_reg_421                  |   3|   0|    3|          0|
    |i_1_reg_1127                |   4|   0|    4|          0|
    |i_2_reg_1241                |   8|   0|    8|          0|
    |i_3_reg_1205                |   4|   0|    4|          0|
    |i_4_reg_1259                |   4|   0|    4|          0|
    |i_5_reg_1378                |   3|   0|    3|          0|
    |i_6_reg_1300                |   3|   0|    3|          0|
    |i_i1_reg_344                |   8|   0|    8|          0|
    |i_i4_reg_399                |   3|   0|    3|          0|
    |i_i_reg_277                 |   4|   0|    4|          0|
    |i_reg_299                   |   4|   0|    4|          0|
    |in_conv2_load_1_reg_1355    |  64|   0|   64|          0|
    |in_conv2_load_2_reg_1365    |  64|   0|   64|          0|
    |ip_load_1_reg_1182          |  64|   0|   64|          0|
    |ip_load_2_reg_1192          |  64|   0|   64|          0|
    |j2_reg_378                  |   4|   0|    4|          0|
    |j4_reg_432                  |   3|   0|    3|          0|
    |j_1_reg_1152                |   4|   0|    4|          0|
    |j_2_reg_1223                |   4|   0|    4|          0|
    |j_3_reg_1277                |   4|   0|    4|          0|
    |j_4_reg_1325                |   3|   0|    3|          0|
    |j_5_reg_1391                |   3|   0|    3|          0|
    |j_i8_reg_410                |   3|   0|    3|          0|
    |j_i_reg_288                 |   4|   0|    4|          0|
    |j_reg_322                   |   4|   0|    4|          0|
    |reg_463                     |  64|   0|   64|          0|
    |reg_469                     |  64|   0|   64|          0|
    |reg_475                     |  64|   0|   64|          0|
    |reg_480                     |  64|   0|   64|          0|
    |reg_487                     |  64|   0|   64|          0|
    |tmp_10_reg_1144             |   8|   0|    9|          1|
    |tmp_13_reg_1215             |   8|   0|    9|          1|
    |tmp_15_reg_1162             |  10|   0|   11|          1|
    |tmp_17_reg_1172             |  10|   0|   11|          1|
    |tmp_18_reg_1177             |   9|   0|    9|          0|
    |tmp_22_reg_1269             |   8|   0|    9|          1|
    |tmp_25_reg_1305             |   7|   0|    9|          2|
    |tmp_28_reg_1311             |   7|   0|    9|          2|
    |tmp_30_reg_1317             |   7|   0|    7|          0|
    |tmp_31_reg_1292             |   9|   0|    9|          0|
    |tmp_33_reg_1383             |   7|   0|    7|          0|
    |tmp_35_reg_1335             |   8|   0|    9|          1|
    |tmp_37_reg_1345             |   8|   0|    9|          1|
    |tmp_38_reg_1350             |   7|   0|    7|          0|
    |tmp_45_cast_reg_1396        |  64|   0|   64|          0|
    |tmp_4_reg_1282              |   8|   0|    8|          0|
    |tmp_7_reg_1138              |   8|   0|   11|          3|
    |tmp_i3_reg_1246             |   8|   0|   64|         56|
    |tmp_s_reg_1132              |   8|   0|   11|          3|
    +----------------------------+----+----+-----+-----------+
    |Total                       | 975|   0| 1048|         73|
    +----------------------------+----+----+-----+-----------+



================================================================
== Interface
================================================================
* Summary: 
+-------------+-----+-----+------------+--------------+--------------+
|  RTL Ports  | Dir | Bits|  Protocol  | Source Object|    C Type    |
+-------------+-----+-----+------------+--------------+--------------+
|ap_clk       |  in |    1| ap_ctrl_hs |    compute   | return value |
|ap_rst       |  in |    1| ap_ctrl_hs |    compute   | return value |
|ap_start     |  in |    1| ap_ctrl_hs |    compute   | return value |
|ap_done      | out |    1| ap_ctrl_hs |    compute   | return value |
|ap_idle      | out |    1| ap_ctrl_hs |    compute   | return value |
|ap_ready     | out |    1| ap_ctrl_hs |    compute   | return value |
|ip_address0  | out |   10|  ap_memory |      ip      |     array    |
|ip_ce0       | out |    1|  ap_memory |      ip      |     array    |
|ip_q0        |  in |   64|  ap_memory |      ip      |     array    |
|ip_address1  | out |   10|  ap_memory |      ip      |     array    |
|ip_ce1       | out |    1|  ap_memory |      ip      |     array    |
|ip_q1        |  in |   64|  ap_memory |      ip      |     array    |
+-------------+-----+-----+------------+--------------+--------------+

